<testsuites name="results">
  <testsuite name="all" package="all">
    <property name="random_seed" value="1773290513" />
    <testcase name="test_uart" classname="test_uart_rx" file="/home/ct/Documents/RTL/RTL_UART/test_uart_rx.py" lineno="20" time="0.11153030395507812" sim_time_ns="5208.0" ratio_time="46695.82898382187" />
  </testsuite>
</testsuites>